{"captured_at": "2026-03-02T05:14:47.797183+00:00", "uptime": "05:14:47 up 14 min,  0 user,  load average: 0.00, 0.00, 0.00", "free": "total        used        free      shared  buff/cache   available\nMem:            4096         277        3818           0          61        3818\nSwap:              0           0           0", "df": "Filesystem      Size  Used Avail Use% Mounted on\nnone            8.0E  840K  8.0E   1% /\nnone            252G     0  252G   0% /dev\nnone             64M     0   64M   0% /dev/shm\nnone            1.0M   12K 1012K   2% /etc/hosts\nnone            1.0M   12K 1012K   2% /etc/hostname\nnone            252G     0  252G   0% /sys/fs/cgroup\nnone            1.0M   12K 1012K   2% /etc/resolv.conf", "top_cpu": "PID  PPID USER     COMMAND         %CPU %MEM\n  377   376 root     ps               200  0.2\n  368   366 root     python3         72.7  1.4\n  378   376 root     head            50.0  0.0\n  376   368 root     sh              33.3  0.0\n  366   365 root     bash             2.9  0.1\n  369   366 root     head             1.5  0.0\n  365     0 root     timeout          1.4  0.0\n  223   160 oai      python           0.5  3.0\n  221   215 oai      python           0.1  1.0\n    1     0 root     supervisord      0.1  0.9\n  241   223 oai      python           0.1  2.8\n  160    85 oai      tini             0.0  0.4\n   85    82 root     log_forwarder    0.0  2.6\n  102    86 root     log_forwarder    0.0  2.4", "top_mem": "PID  PPID USER     COMMAND         %MEM %CPU\n  223   160 oai      python           3.0  0.5\n  241   223 oai      python           2.8  0.1\n   85    82 root     log_forwarder    2.6  0.0\n  102    86 root     log_forwarder    2.4  0.0\n  368   366 root     python3          1.4 65.7\n  221   215 oai      python           1.0  0.1\n    1     0 root     supervisord      0.9  0.1\n  160    85 oai      tini             0.4  0.0\n  380   379 root     ps               0.2 50.0\n  215   102 oai      start-server.sh  0.1  0.0\n   82     1 root     python_tool.sh   0.1  0.0\n  366   365 root     bash             0.1  2.6\n   86     1 root     terminal_server  0.1  0.0\n  365     0 root     timeout          0.0  1.3", "dmesg_tail": "[Mon Mar  2 04:59:57 2026] Starting gVisor...\n[Mon Mar  2 04:59:57 2026] Checking naughty and nice process list...\n[Mon Mar  2 04:59:57 2026] Generating random numbers by fair dice roll...\n[Mon Mar  2 04:59:57 2026] Constructing home...\n[Mon Mar  2 04:59:58 2026] Adversarially training Redcode AI...\n[Mon Mar  2 04:59:58 2026] Creating bureaucratic processes...\n[Mon Mar  2 04:59:59 2026] Moving files to filing cabinet...\n[Mon Mar  2 04:59:59 2026] Checking naughty and nice process list...\n[Mon Mar  2 04:59:59 2026] Forking spaghetti code...\n[Mon Mar  2 05:00:00 2026] Digging up root...\n[Mon Mar  2 05:00:00 2026] Preparing for the zombie uprising...\n[Mon Mar  2 05:00:00 2026] Setting up VFS...\n[Mon Mar  2 05:00:00 2026] Setting up FUSE...\n[Mon Mar  2 05:00:01 2026] Ready!", "sensors": "[SKIPPED] binary not found: sensors\ncommand: sensors"}
